Cloning into 'simple-hello'...
fatal: could not read Username for 'https://github.com': No such device or address
DEPRECATED: The legacy builder is deprecated and will be removed in a future release.
            Install the buildx component to build images with BuildKit:
            https://docs.docker.com/go/buildx/

Sending build context to Docker daemon   2.56kB
Step 1/2 : FROM gcr.io/oss-fuzz-base/base-builder
 ---> b09e37f7dac6
Step 2/2 : RUN mkdir -p /repo && git config --global --add safe.directory /repo
 ---> Using cache
 ---> 37d4a8ba0b8a
Successfully built 37d4a8ba0b8a
Successfully tagged c-build-test-simple-hello:latest
74e642899131d4c36d180bad73c9435e4b6bcef27d556ba20df0d9fb9ca0200c
c-build-test-simple-hello-container
c-build-test-simple-hello-container
Processing C repository: test/simple-hello
Commit SHA: a3f4ee83a09ff8878e687d9aa5155945666d1947
Failed to clone from GitHub, using local repository if available
Using existing local repository: test/simple-hello
Error: The api_key client option must be set either by passing api_key to the client or by setting the OPENAI_API_KEY environment variable
Error: The api_key client option must be set either by passing api_key to the client or by setting the OPENAI_API_KEY environment variable
Error: The api_key client option must be set either by passing api_key to the client or by setting the OPENAI_API_KEY environment variable
Error: The api_key client option must be set either by passing api_key to the client or by setting the OPENAI_API_KEY environment variable
Error: The api_key client option must be set either by passing api_key to the client or by setting the OPENAI_API_KEY environment variable
LLM response failed
Dockerfile generated at: /root/Git/ARVO2.0/output/test/simple-hello/Dockerfile
Total execution time: 25.63 seconds
